components/admin/products/form/product-media.tsx(70,17): error TS2322: Type '{ value: any; onChange: (...event: any[]) => void; onRemove: () => void; disabled: boolean; }' is not assignable to type 'IntrinsicAttributes & ProductImageUploadProps'.
  Property 'value' does not exist on type 'IntrinsicAttributes & ProductImageUploadProps'.
